---
http_interactions:
- request:
    method: post
    uri: https://api.phrase.com/api/v2/projects/49463eeb0470aadbd3816d4755e9f5ed/keys/search?page=1&per_page=100
    body:
      encoding: UTF-8
      string: "{\"q\":\"foo*\"}"
    headers:
      Accept-Encoding:
      - gzip;q=1.0,deflate;q=0.6,identity;q=0.3
      Accept:
      - "*/*"
      User-Agent:
      - Phraseapp Ruby 1.0.3
      Content-Type:
      - application/json
      Authorization:
      - token 5c957b9ecd8db363b378806d2062c6289df379d6e333f37386f680270b108cf1
  response:
    status:
      code: 200
      message: OK
    headers:
      Cache-Control:
      - max-age=0, private, must-revalidate
      Content-Type:
      - application/json; charset=utf-8
      Date:
      - Thu, 18 Jun 2015 14:40:24 GMT
      Etag:
      - W/"a4262531399b8ed71bab16fbd0bc267a"
      Link:
      - "<https://api.phrase.com/api/v2/projects/49463eeb0470aadbd3816d4755e9f5ed/keys?page=1&per_page=100>;
        rel=first, <https://api.phrase.com/api/v2/projects/49463eeb0470aadbd3816d4755e9f5ed/keys?page=1&per_page=100>;
        rel=last"
      Server:
      - Wunderscale
      Set-Cookie:
      - language=en; path=/; expires=Mon, 18 Jun 2035 14:40:24 -0000; HttpOnly; secure
      Status:
      - 200 OK
      Strict-Transport-Security:
      - max-age=31536000
      Vary:
      - Origin
      X-Content-Type-Options:
      - nosniff
      X-Generated:
      - '2015-06-18T14:40:24+00:00'
      X-Server:
      - ip-172-31-12-177
      X-Xss-Protection:
      - 1; mode=block
      Content-Length:
      - '219'
      Connection:
      - keep-alive
    body:
      encoding: UTF-8
      string: "[{\"id\":\"fd533412aac028e7779c8d1767ebc1d0\",\"name\":\"foo\",\"description\":null,\"name_hash\":\"acbd18db4cc2f85cedef654fccc4a4d8\",\"plural\":false,\"tags\":[],\"created_at\":\"2015-06-18T11:43:16Z\",\"updated_at\":\"2015-06-18T11:43:16Z\"}]"
    http_version: 
  recorded_at: Thu, 18 Jun 2015 14:40:23 GMT
- request:
    method: post
    uri: https://api.phrase.com/api/v2/projects/49463eeb0470aadbd3816d4755e9f5ed/keys/search?page=1&per_page=100
    body:
      encoding: UTF-8
      string: "{\"q\":\"bar*\"}"
    headers:
      Accept-Encoding:
      - gzip;q=1.0,deflate;q=0.6,identity;q=0.3
      Accept:
      - "*/*"
      User-Agent:
      - Phraseapp Ruby 1.0.3
      Content-Type:
      - application/json
      Authorization:
      - token 5c957b9ecd8db363b378806d2062c6289df379d6e333f37386f680270b108cf1
  response:
    status:
      code: 200
      message: OK
    headers:
      Cache-Control:
      - max-age=0, private, must-revalidate
      Content-Type:
      - application/json; charset=utf-8
      Date:
      - Thu, 18 Jun 2015 14:40:24 GMT
      Etag:
      - W/"2f7fbb0b5e0f91b862ff549ecab88d24"
      Link:
      - "<https://api.phrase.com/api/v2/projects/49463eeb0470aadbd3816d4755e9f5ed/keys?page=1&per_page=100>;
        rel=first, <https://api.phrase.com/api/v2/projects/49463eeb0470aadbd3816d4755e9f5ed/keys?page=1&per_page=100>;
        rel=last"
      Server:
      - Wunderscale
      Set-Cookie:
      - language=en; path=/; expires=Mon, 18 Jun 2035 14:40:24 -0000; HttpOnly; secure
      Status:
      - 200 OK
      Strict-Transport-Security:
      - max-age=31536000
      Vary:
      - Origin
      X-Content-Type-Options:
      - nosniff
      X-Generated:
      - '2015-06-18T14:40:24+00:00'
      X-Server:
      - ip-172-31-10-171
      X-Xss-Protection:
      - 1; mode=block
      Content-Length:
      - '223'
      Connection:
      - keep-alive
    body:
      encoding: UTF-8
      string: "[{\"id\":\"a66927670eafaa85364f395a77bf846a\",\"name\":\"bar.foo\",\"description\":null,\"name_hash\":\"be8f03f3a78e4fa7848de8771ceac75c\",\"plural\":false,\"tags\":[],\"created_at\":\"2015-06-18T11:44:08Z\",\"updated_at\":\"2015-06-18T11:44:08Z\"}]"
    http_version: 
  recorded_at: Thu, 18 Jun 2015 14:40:24 GMT
- request:
    method: post
    uri: https://api.phrase.com/api/v2/projects/49463eeb0470aadbd3816d4755e9f5ed/keys/search?page=1&per_page=100
    body:
      encoding: UTF-8
      string: "{\"q\":\"nested*\"}"
    headers:
      Accept-Encoding:
      - gzip;q=1.0,deflate;q=0.6,identity;q=0.3
      Accept:
      - "*/*"
      User-Agent:
      - Phraseapp Ruby 1.0.3
      Content-Type:
      - application/json
      Authorization:
      - token 5c957b9ecd8db363b378806d2062c6289df379d6e333f37386f680270b108cf1
  response:
    status:
      code: 200
      message: OK
    headers:
      Cache-Control:
      - max-age=0, private, must-revalidate
      Content-Type:
      - application/json; charset=utf-8
      Date:
      - Thu, 18 Jun 2015 14:40:25 GMT
      Etag:
      - W/"67acb4c03c9fada18a1cd4027a85e181"
      Link:
      - "<https://api.phrase.com/api/v2/projects/49463eeb0470aadbd3816d4755e9f5ed/keys?page=1&per_page=100>;
        rel=first, <https://api.phrase.com/api/v2/projects/49463eeb0470aadbd3816d4755e9f5ed/keys?page=1&per_page=100>;
        rel=last"
      Server:
      - Wunderscale
      Set-Cookie:
      - language=en; path=/; expires=Mon, 18 Jun 2035 14:40:25 -0000; HttpOnly; secure
      Status:
      - 200 OK
      Strict-Transport-Security:
      - max-age=31536000
      Vary:
      - Origin
      X-Content-Type-Options:
      - nosniff
      X-Generated:
      - '2015-06-18T14:40:25+00:00'
      X-Server:
      - ip-172-31-12-177
      X-Xss-Protection:
      - 1; mode=block
      Content-Length:
      - '459'
      Connection:
      - keep-alive
    body:
      encoding: UTF-8
      string: "[{\"id\":\"7309b6325bd2bbadbe579f06965aadec\",\"name\":\"nested.bar.baz\",\"description\":null,\"name_hash\":\"02db19ef454847a8e54a44ea83d9c410\",\"plural\":false,\"tags\":[],\"created_at\":\"2015-06-18T11:44:49Z\",\"updated_at\":\"2015-06-18T11:44:49Z\"},{\"id\":\"7a104fa42738dfa1b9e79cf6379e81be\",\"name\":\"nested.bar.def\",\"description\":null,\"name_hash\":\"01e17e02a27622527d03c5b04a1b85ed\",\"plural\":false,\"tags\":[],\"created_at\":\"2015-06-18T11:45:16Z\",\"updated_at\":\"2015-06-18T11:45:16Z\"}]"
    http_version: 
  recorded_at: Thu, 18 Jun 2015 14:40:24 GMT
- request:
    method: post
    uri: https://api.phrase.com/api/v2/projects/49463eeb0470aadbd3816d4755e9f5ed/keys/search?page=1&per_page=100
    body:
      encoding: UTF-8
      string: "{\"q\":\"foo.bar*\"}"
    headers:
      Accept-Encoding:
      - gzip;q=1.0,deflate;q=0.6,identity;q=0.3
      Accept:
      - "*/*"
      User-Agent:
      - Phraseapp Ruby 1.0.3
      Content-Type:
      - application/json
      Authorization:
      - token 5c957b9ecd8db363b378806d2062c6289df379d6e333f37386f680270b108cf1
  response:
    status:
      code: 200
      message: OK
    headers:
      Cache-Control:
      - max-age=0, private, must-revalidate
      Content-Type:
      - application/json; charset=utf-8
      Date:
      - Fri, 19 Jun 2015 09:27:22 GMT
      Etag:
      - W/"d751713988987e9331980363e24189ce"
      Link:
      - "<https://api.phrase.com/api/v2/projects/49463eeb0470aadbd3816d4755e9f5ed/keys?page=1&per_page=100>;
        rel=first, <https://api.phrase.com/api/v2/projects/49463eeb0470aadbd3816d4755e9f5ed/keys?page=0&per_page=100>;
        rel=last"
      Server:
      - Wunderscale
      Set-Cookie:
      - language=en; path=/; expires=Tue, 19 Jun 2035 09:27:22 -0000; HttpOnly; secure
      Status:
      - 200 OK
      Strict-Transport-Security:
      - max-age=31536000
      Vary:
      - Origin
      X-Content-Type-Options:
      - nosniff
      X-Generated:
      - '2015-06-19T09:27:22+00:00'
      X-Server:
      - ip-172-31-12-177
      X-Xss-Protection:
      - 1; mode=block
      Content-Length:
      - '2'
      Connection:
      - keep-alive
    body:
      encoding: UTF-8
      string: "[]"
    http_version: 
  recorded_at: Fri, 19 Jun 2015 09:27:22 GMT
recorded_with: VCR 2.9.3
